WARNING: All log messages before absl::InitializeLog() is called are written to STDERR
I0000 00:00:1785942413.527330  149945 port.cc:153] oneDNN custom operations are on. You may see slightly different numerical results due to floating-point round-off errors from different computation orders. To turn them off, set the environment variable `TF_ENABLE_ONEDNN_OPTS=0`.
WARNING: All log messages before absl::InitializeLog() is called are written to STDERR
I0000 00:00:1785942414.494647  149945 port.cc:153] oneDNN custom operations are on. You may see slightly different numerical results due to floating-point round-off errors from different computation orders. To turn them off, set the environment variable `TF_ENABLE_ONEDNN_OPTS=0`.
[transformers] PyTorch was not found. Models won't be available and only tokenizers, configuration and file/data utilities can be used.
[transformers] DeepseekV32Config got `key=rope_scaling` in kwargs but hasn't set it as attribute. For RoPE standardization you need to set `self.rope_parameters` in model's config. 
I0805 15:06:57.832545 139655895802176 max_utils.py:260] Attempting to initialize the jax distributed system for GPU backend...
I0805 15:06:57.832643 139655895802176 max_utils.py:262] Jax distributed system initialized on GPU!
I0805 15:06:59.146611 139655895802176 pyconfig.py:559] Config param abort_on_inf_loss: True
I0805 15:06:59.146738 139655895802176 pyconfig.py:559] Config param abort_on_nan_loss: True
I0805 15:06:59.146771 139655895802176 pyconfig.py:559] Config param act_quantization_calibration_method: absmax
I0805 15:06:59.146795 139655895802176 pyconfig.py:559] Config param activation_dropout_for_audio: 0.0
I0805 15:06:59.146816 139655895802176 pyconfig.py:559] Config param activation_function_for_audio: gelu
I0805 15:06:59.146833 139655895802176 pyconfig.py:559] Config param activations_in_float32: False
I0805 15:06:59.146850 139655895802176 pyconfig.py:559] Config param adam_b1: 0.9
I0805 15:06:59.146870 139655895802176 pyconfig.py:559] Config param adam_b2: 0.95
I0805 15:06:59.146889 139655895802176 pyconfig.py:559] Config param adam_eps: 1e-08
I0805 15:06:59.146909 139655895802176 pyconfig.py:559] Config param adam_eps_root: 0.0
I0805 15:06:59.146926 139655895802176 pyconfig.py:559] Config param adam_weight_decay: 0.1
I0805 15:06:59.146942 139655895802176 pyconfig.py:559] Config param adamw_mask: []
I0805 15:06:59.146958 139655895802176 pyconfig.py:559] Config param add_bos: True
I0805 15:06:59.146973 139655895802176 pyconfig.py:559] Config param add_eos: True
I0805 15:06:59.146988 139655895802176 pyconfig.py:559] Config param allow_split_physical_axes: False
I0805 15:06:59.147003 139655895802176 pyconfig.py:559] Config param ar_cache_axis_order: 1,2,0,3
I0805 15:06:59.147017 139655895802176 pyconfig.py:559] Config param async_checkpointing: True
I0805 15:06:59.147033 139655895802176 pyconfig.py:559] Config param async_scheduling: False
I0805 15:06:59.147048 139655895802176 pyconfig.py:559] Config param attention: cudnn_flash_te
I0805 15:06:59.147062 139655895802176 pyconfig.py:559] Config param attention_bias: False
I0805 15:06:59.147076 139655895802176 pyconfig.py:559] Config param attention_dropout_for_audio: 0.0
I0805 15:06:59.147089 139655895802176 pyconfig.py:559] Config param attention_for_vit: dot_product
I0805 15:06:59.147103 139655895802176 pyconfig.py:559] Config param attention_out: RematLocation.REMAT
I0805 15:06:59.147123 139655895802176 pyconfig.py:559] Config param attention_output_dim: -1
I0805 15:06:59.147141 139655895802176 pyconfig.py:559] Config param attention_sink: False
I0805 15:06:59.147157 139655895802176 pyconfig.py:559] Config param attention_type: global
I0805 15:06:59.147172 139655895802176 pyconfig.py:559] Config param attn_logits_soft_cap: None
I0805 15:06:59.147187 139655895802176 pyconfig.py:559] Config param attn_module_name: None
I0805 15:06:59.147201 139655895802176 pyconfig.py:559] Config param audio_path: 
I0805 15:06:59.147216 139655895802176 pyconfig.py:559] Config param audio_placeholder: <|audio|>
I0805 15:06:59.147229 139655895802176 pyconfig.py:559] Config param autoregressive_decode_assert: 
I0805 15:06:59.147243 139655895802176 pyconfig.py:559] Config param base_config: None
I0805 15:06:59.147257 139655895802176 pyconfig.py:559] Config param base_emb_dim: 4096
I0805 15:06:59.147270 139655895802176 pyconfig.py:559] Config param base_mlp_dim: 14336
I0805 15:06:59.147284 139655895802176 pyconfig.py:559] Config param base_moe_mlp_dim: 14336
I0805 15:06:59.147302 139655895802176 pyconfig.py:559] Config param base_num_decoder_layers: 32
I0805 15:06:59.147316 139655895802176 pyconfig.py:559] Config param base_num_kv_heads: 8
I0805 15:06:59.147330 139655895802176 pyconfig.py:559] Config param base_num_query_heads: 32
I0805 15:06:59.147344 139655895802176 pyconfig.py:559] Config param base_output_directory: /root/work/scale-your-amd/runs/20260805-maxtext-disp-mixtral-tokamax/maxtext
I0805 15:06:59.147360 139655895802176 pyconfig.py:559] Config param batch_size: 1
I0805 15:06:59.147373 139655895802176 pyconfig.py:559] Config param batch_split_factor: 1
I0805 15:06:59.147388 139655895802176 pyconfig.py:559] Config param beta_fast: 32
I0805 15:06:59.147402 139655895802176 pyconfig.py:559] Config param beta_slow: 1
I0805 15:06:59.147416 139655895802176 pyconfig.py:559] Config param bwd_quantization_calibration_method: absmax
I0805 15:06:59.147429 139655895802176 pyconfig.py:559] Config param capacity_factor: -1.0
I0805 15:06:59.147444 139655895802176 pyconfig.py:559] Config param cast_logits_to_fp32: True
I0805 15:06:59.147459 139655895802176 pyconfig.py:559] Config param chat_template: 
I0805 15:06:59.147473 139655895802176 pyconfig.py:559] Config param chat_template_path: 
I0805 15:06:59.147486 139655895802176 pyconfig.py:559] Config param check_vma: False
I0805 15:06:59.147501 139655895802176 pyconfig.py:559] Config param checkpoint_conversion_fn: None
I0805 15:06:59.147518 139655895802176 pyconfig.py:559] Config param checkpoint_dir: /root/work/scale-your-amd/runs/20260805-maxtext-disp-mixtral-tokamax/maxtext/disp-mixtral-tokamax/checkpoints/
I0805 15:06:59.147537 139655895802176 pyconfig.py:559] Config param checkpoint_is_quantized: False
I0805 15:06:59.147554 139655895802176 pyconfig.py:559] Config param checkpoint_period: 10000
I0805 15:06:59.147570 139655895802176 pyconfig.py:559] Config param checkpoint_storage_concurrent_gb: 96
I0805 15:06:59.147586 139655895802176 pyconfig.py:559] Config param checkpoint_storage_target_data_file_size_bytes: 2147483648
I0805 15:06:59.147602 139655895802176 pyconfig.py:559] Config param checkpoint_storage_use_ocdbt: True
I0805 15:06:59.147618 139655895802176 pyconfig.py:559] Config param checkpoint_storage_use_zarr3: True
I0805 15:06:59.147634 139655895802176 pyconfig.py:559] Config param checkpoint_todelete_full_path: None
I0805 15:06:59.147649 139655895802176 pyconfig.py:559] Config param checkpoint_todelete_subdir: None
I0805 15:06:59.147662 139655895802176 pyconfig.py:559] Config param chips_per_vm: 4
I0805 15:06:59.147675 139655895802176 pyconfig.py:559] Config param chunk_attn_window_size: 0
I0805 15:06:59.147688 139655895802176 pyconfig.py:559] Config param colocated_python_checkpointing: False
I0805 15:06:59.147702 139655895802176 pyconfig.py:559] Config param colocated_python_data_input: False
I0805 15:06:59.147715 139655895802176 pyconfig.py:559] Config param compile_topology: 
I0805 15:06:59.147729 139655895802176 pyconfig.py:559] Config param compile_topology_num_slices: -1
I0805 15:06:59.147742 139655895802176 pyconfig.py:559] Config param compile_xla_flags: 
I0805 15:06:59.147756 139655895802176 pyconfig.py:559] Config param compiled_trainstep_file: 
I0805 15:06:59.147768 139655895802176 pyconfig.py:559] Config param compress_ratios: []
I0805 15:06:59.147783 139655895802176 pyconfig.py:559] Config param compressed_rope_max_timescale: 160000
I0805 15:06:59.147797 139655895802176 pyconfig.py:559] Config param compute_axis_order: 0,1,2,3
I0805 15:06:59.147810 139655895802176 pyconfig.py:559] Config param constant_bound_config: []
I0805 15:06:59.147823 139655895802176 pyconfig.py:559] Config param context: RematLocation.REMAT
I0805 15:06:59.147838 139655895802176 pyconfig.py:559] Config param context_parallel_load_balance: True
I0805 15:06:59.147851 139655895802176 pyconfig.py:559] Config param context_parallel_reorder_strategy: ReorderStrategy.AUTO
I0805 15:06:59.147867 139655895802176 pyconfig.py:559] Config param context_parallel_size: 1
I0805 15:06:59.147881 139655895802176 pyconfig.py:559] Config param context_parallel_strategy: all_gather
I0805 15:06:59.147894 139655895802176 pyconfig.py:559] Config param context_sharding: context
I0805 15:06:59.147907 139655895802176 pyconfig.py:559] Config param conv_chunksize_for_audio: 500
I0805 15:06:59.147921 139655895802176 pyconfig.py:559] Config param conv_stride_for_vit: 14
I0805 15:06:59.147934 139655895802176 pyconfig.py:559] Config param convert_checkpoint_if_possible: False
I0805 15:06:59.147948 139655895802176 pyconfig.py:559] Config param cost_estimate_flops_bwd: -1
I0805 15:06:59.147963 139655895802176 pyconfig.py:559] Config param cost_estimate_flops_fwd: -1
I0805 15:06:59.147976 139655895802176 pyconfig.py:559] Config param custom_mesh: 
I0805 15:06:59.147989 139655895802176 pyconfig.py:559] Config param custom_mesh_and_rule: CustomRule.DEFAULT
I0805 15:06:59.148004 139655895802176 pyconfig.py:559] Config param d_model_for_audio: 256
I0805 15:06:59.148017 139655895802176 pyconfig.py:559] Config param data_sharding: (('data', 'stage', 'fsdp', 'fsdp_transpose', 'context', 'context_autoregressive', 'tensor', 'tensor_transpose', 'tensor_sequence', 'expert', 'autoregressive'),)
I0805 15:06:59.148036 139655895802176 pyconfig.py:559] Config param data_shuffle_seed: 0
I0805 15:06:59.148050 139655895802176 pyconfig.py:559] Config param data_template_path: 
I0805 15:06:59.148064 139655895802176 pyconfig.py:559] Config param dataset_name: c4/en:3.1.0
I0805 15:06:59.148077 139655895802176 pyconfig.py:559] Config param dataset_path: 
I0805 15:06:59.148091 139655895802176 pyconfig.py:559] Config param dataset_processor_path: 
I0805 15:06:59.148104 139655895802176 pyconfig.py:559] Config param dataset_type: DatasetType.SYNTHETIC
I0805 15:06:59.148120 139655895802176 pyconfig.py:559] Config param dcn_autoregressive_parallelism: 1
I0805 15:06:59.148133 139655895802176 pyconfig.py:559] Config param dcn_context_autoregressive_parallelism: 1
I0805 15:06:59.148147 139655895802176 pyconfig.py:559] Config param dcn_context_parallelism: 1
I0805 15:06:59.148163 139655895802176 pyconfig.py:559] Config param dcn_data_parallelism: -1
I0805 15:06:59.148177 139655895802176 pyconfig.py:559] Config param dcn_diloco_parallelism: 1
I0805 15:06:59.148190 139655895802176 pyconfig.py:559] Config param dcn_expert_parallelism: 1
I0805 15:06:59.148204 139655895802176 pyconfig.py:559] Config param dcn_fsdp_parallelism: 1
I0805 15:06:59.148217 139655895802176 pyconfig.py:559] Config param dcn_fsdp_transpose_parallelism: 1
I0805 15:06:59.148230 139655895802176 pyconfig.py:559] Config param dcn_parallelism: [1, -1, 1, 1, 1, 1, 1, 1, 1, 1, 1, 1]
I0805 15:06:59.148245 139655895802176 pyconfig.py:559] Config param dcn_pipeline_parallelism: 1
I0805 15:06:59.148259 139655895802176 pyconfig.py:559] Config param dcn_sequence_parallelism: 1
I0805 15:06:59.148273 139655895802176 pyconfig.py:559] Config param dcn_tensor_parallelism: 1
I0805 15:06:59.148285 139655895802176 pyconfig.py:559] Config param dcn_tensor_sequence_parallelism: 1
I0805 15:06:59.148299 139655895802176 pyconfig.py:559] Config param dcn_tensor_transpose_parallelism: 1
I0805 15:06:59.148312 139655895802176 pyconfig.py:559] Config param debug: {'rl': False}
I0805 15:06:59.148327 139655895802176 pyconfig.py:559] Config param debug_converter: False
I0805 15:06:59.148341 139655895802176 pyconfig.py:559] Config param debug_sharding: False
I0805 15:06:59.148355 139655895802176 pyconfig.py:559] Config param decode_sampling_nucleus_p: -1
I0805 15:06:59.148368 139655895802176 pyconfig.py:559] Config param decode_sampling_strategy: SamplingStrategy.GREEDY
I0805 15:06:59.148385 139655895802176 pyconfig.py:559] Config param decode_sampling_temperature: 1.0
I0805 15:06:59.148400 139655895802176 pyconfig.py:559] Config param decode_sampling_top_k: 0
I0805 15:06:59.148414 139655895802176 pyconfig.py:559] Config param decoder_block: DecoderBlockType.MIXTRAL
I0805 15:06:59.148429 139655895802176 pyconfig.py:559] Config param decoder_layer_input: RematLocation.DEVICE
I0805 15:06:59.148446 139655895802176 pyconfig.py:559] Config param deepstack_visual_indexes_for_vit: []
I0805 15:06:59.148462 139655895802176 pyconfig.py:559] Config param degenerate_group_masking: True
I0805 15:06:59.148478 139655895802176 pyconfig.py:559] Config param dense_init_scale: 1.0
I0805 15:06:59.148493 139655895802176 pyconfig.py:559] Config param diloco_outer_lr: 0.3
I0805 15:06:59.148509 139655895802176 pyconfig.py:559] Config param diloco_outer_momentum: 0.9
I0805 15:06:59.148523 139655895802176 pyconfig.py:559] Config param diloco_sync_period: 36
I0805 15:06:59.148538 139655895802176 pyconfig.py:559] Config param distill_alpha: 0.5
I0805 15:06:59.148554 139655895802176 pyconfig.py:559] Config param distill_alpha_end: None
I0805 15:06:59.148566 139655895802176 pyconfig.py:559] Config param distill_alpha_schedule: constant
I0805 15:06:59.148581 139655895802176 pyconfig.py:559] Config param distill_beta: 0.0
I0805 15:06:59.148594 139655895802176 pyconfig.py:559] Config param distill_beta_end: None
I0805 15:06:59.148607 139655895802176 pyconfig.py:559] Config param distill_beta_schedule: constant
I0805 15:06:59.148620 139655895802176 pyconfig.py:559] Config param distill_feature_loss_type: cosine
I0805 15:06:59.148635 139655895802176 pyconfig.py:559] Config param distill_layer_indices: None
I0805 15:06:59.148648 139655895802176 pyconfig.py:559] Config param distill_student_weights_share_map: {}
I0805 15:06:59.148663 139655895802176 pyconfig.py:559] Config param distill_temperature: 1.0
I0805 15:06:59.148676 139655895802176 pyconfig.py:559] Config param distill_temperature_end: None
I0805 15:06:59.148690 139655895802176 pyconfig.py:559] Config param distill_temperature_schedule: constant
I0805 15:06:59.148703 139655895802176 pyconfig.py:559] Config param distill_weights_copy_map: {}
I0805 15:06:59.148717 139655895802176 pyconfig.py:559] Config param downsample_hidden_size_for_audio: 256
I0805 15:06:59.148732 139655895802176 pyconfig.py:559] Config param dpo: {'algo': 'dpo', 'dpo_beta': 0.1, 'orpo_lambda': 0.1, 'dpo_label_smoothing': 0.0, 'max_prompt_length': None}
I0805 15:06:59.148749 139655895802176 pyconfig.py:559] Config param dq_reduction_steps: 0
I0805 15:06:59.148764 139655895802176 pyconfig.py:559] Config param dropout_rate: 0.0
I0805 15:06:59.148777 139655895802176 pyconfig.py:559] Config param dtype: bfloat16
I0805 15:06:59.148809 139655895802176 pyconfig.py:559] Config param dtype_mm: float32
I0805 15:06:59.148825 139655895802176 pyconfig.py:559] Config param dump_hlo: False
I0805 15:06:59.148838 139655895802176 pyconfig.py:559] Config param dump_hlo_delete_local_after: True
I0805 15:06:59.148852 139655895802176 pyconfig.py:559] Config param dump_hlo_gcs_dir: /root/work/scale-your-amd/runs/20260805-maxtext-disp-mixtral-tokamax/maxtext/disp-mixtral-tokamax/xla_dump
I0805 15:06:59.148865 139655895802176 pyconfig.py:559] Config param dump_hlo_local_dir: /tmp/xla_dump/
I0805 15:06:59.148880 139655895802176 pyconfig.py:559] Config param dump_hlo_local_module_name: jit_train_step
I0805 15:06:59.148893 139655895802176 pyconfig.py:559] Config param dump_hlo_module_name: jit_train_step
I0805 15:06:59.148907 139655895802176 pyconfig.py:559] Config param dump_hlo_upload_all: False
I0805 15:06:59.148920 139655895802176 pyconfig.py:559] Config param dump_hlo_xla_flags: 
I0805 15:06:59.148934 139655895802176 pyconfig.py:559] Config param dump_jaxpr: False
I0805 15:06:59.148947 139655895802176 pyconfig.py:559] Config param dump_jaxpr_delete_local_after: True
I0805 15:06:59.148960 139655895802176 pyconfig.py:559] Config param dump_jaxpr_gcs_dir: /root/work/scale-your-amd/runs/20260805-maxtext-disp-mixtral-tokamax/maxtext/disp-mixtral-tokamax/jaxpr_dump
I0805 15:06:59.148973 139655895802176 pyconfig.py:559] Config param dump_jaxpr_local_dir: /tmp/jaxpr_dump/
I0805 15:06:59.148986 139655895802176 pyconfig.py:559] Config param dump_step: -1
I0805 15:06:59.149003 139655895802176 pyconfig.py:559] Config param elastic_enabled: False
I0805 15:06:59.149018 139655895802176 pyconfig.py:559] Config param elastic_max_retries: 10
I0805 15:06:59.149033 139655895802176 pyconfig.py:559] Config param elastic_min_slice_count: -1
I0805 15:06:59.149047 139655895802176 pyconfig.py:559] Config param elastic_timeout_seconds: 300
I0805 15:06:59.149060 139655895802176 pyconfig.py:559] Config param emb_dim: 4096
I0805 15:06:59.149073 139655895802176 pyconfig.py:559] Config param enable_autocheckpoint: False
I0805 15:06:59.149086 139655895802176 pyconfig.py:559] Config param enable_checkpoint_cloud_logger: False
I0805 15:06:59.149100 139655895802176 pyconfig.py:559] Config param enable_checkpointing: False
I0805 15:06:59.149114 139655895802176 pyconfig.py:559] Config param enable_continuous_checkpointing: False
I0805 15:06:59.149127 139655895802176 pyconfig.py:559] Config param enable_data_shuffling: True
I0805 15:06:59.149141 139655895802176 pyconfig.py:559] Config param enable_diloco: False
I0805 15:06:59.149156 139655895802176 pyconfig.py:559] Config param enable_dp_attention: False
I0805 15:06:59.149169 139655895802176 pyconfig.py:559] Config param enable_dropout: False
I0805 15:06:59.149183 139655895802176 pyconfig.py:559] Config param enable_emergency_checkpoint: False
I0805 15:06:59.149196 139655895802176 pyconfig.py:559] Config param enable_expert_parallel: False
I0805 15:06:59.149210 139655895802176 pyconfig.py:559] Config param enable_gcp_goodput_metrics: True
I0805 15:06:59.149225 139655895802176 pyconfig.py:559] Config param enable_gcp_step_deviation_metrics: True
I0805 15:06:59.149238 139655895802176 pyconfig.py:559] Config param enable_goodput_recording: False
I0805 15:06:59.149252 139655895802176 pyconfig.py:559] Config param enable_jax_profiler: False
I0805 15:06:59.149265 139655895802176 pyconfig.py:559] Config param enable_llm_inference_pool: False
I0805 15:06:59.149278 139655895802176 pyconfig.py:559] Config param enable_mhc_lite: False
I0805 15:06:59.149291 139655895802176 pyconfig.py:559] Config param enable_model_warmup: False
I0805 15:06:59.149305 139655895802176 pyconfig.py:559] Config param enable_multi_tier_checkpointing: False
I0805 15:06:59.149319 139655895802176 pyconfig.py:559] Config param enable_nnx: False
I0805 15:06:59.149333 139655895802176 pyconfig.py:559] Config param enable_orbax_v1: False
I0805 15:06:59.149347 139655895802176 pyconfig.py:559] Config param enable_padding_causal_mask: True
I0805 15:06:59.149361 139655895802176 pyconfig.py:559] Config param enable_pathways_goodput: False
I0805 15:06:59.149374 139655895802176 pyconfig.py:559] Config param enable_prefix_caching: False
I0805 15:06:59.149387 139655895802176 pyconfig.py:559] Config param enable_rampup_batch_size: False
I0805 15:06:59.149400 139655895802176 pyconfig.py:559] Config param enable_single_controller: False
I0805 15:06:59.149414 139655895802176 pyconfig.py:559] Config param enable_single_replica_ckpt_restoring: False
I0805 15:06:59.149427 139655895802176 pyconfig.py:559] Config param enable_tensorboard: True
I0805 15:06:59.149441 139655895802176 pyconfig.py:559] Config param enable_tpu_profiling_options: False
I0805 15:06:59.149455 139655895802176 pyconfig.py:559] Config param enable_tunix_perf_metrics: False
I0805 15:06:59.149468 139655895802176 pyconfig.py:559] Config param encoder_attention_heads_for_audio: 4
I0805 15:06:59.149482 139655895802176 pyconfig.py:559] Config param encoder_ffn_dim_for_audio: 512
I0805 15:06:59.149496 139655895802176 pyconfig.py:559] Config param encoder_layers_for_audio: 2
I0805 15:06:59.149509 139655895802176 pyconfig.py:559] Config param engram: RematLocation.REMAT
I0805 15:06:59.149523 139655895802176 pyconfig.py:559] Config param engram_head_dim: 1280
I0805 15:06:59.149538 139655895802176 pyconfig.py:559] Config param engram_kernel_size: 4
I0805 15:06:59.149552 139655895802176 pyconfig.py:559] Config param engram_layers: []
I0805 15:06:59.149565 139655895802176 pyconfig.py:559] Config param engram_max_ngram_size: 3
I0805 15:06:59.149579 139655895802176 pyconfig.py:559] Config param engram_num_heads: 8
I0805 15:06:59.149593 139655895802176 pyconfig.py:559] Config param engram_seed: 0
I0805 15:06:59.149607 139655895802176 pyconfig.py:559] Config param engram_vocab_bases: []
I0805 15:06:59.149620 139655895802176 pyconfig.py:559] Config param epsilon_high: None
I0805 15:06:59.149634 139655895802176 pyconfig.py:559] Config param eval_batch_size: -1
I0805 15:06:59.149646 139655895802176 pyconfig.py:559] Config param eval_corr_lst: False
I0805 15:06:59.149661 139655895802176 pyconfig.py:559] Config param eval_data_columns: ['text']
I0805 15:06:59.149674 139655895802176 pyconfig.py:559] Config param eval_dataset_name: c4/en:3.1.0
I0805 15:06:59.149688 139655895802176 pyconfig.py:559] Config param eval_image_column: image
I0805 15:06:59.149701 139655895802176 pyconfig.py:559] Config param eval_interval: -1
I0805 15:06:59.149715 139655895802176 pyconfig.py:559] Config param eval_make_lst: False
I0805 15:06:59.149753 139655895802176 pyconfig.py:559] Config param eval_mode: pass
I0805 15:06:59.149767 139655895802176 pyconfig.py:559] Config param eval_per_device_batch_size: 4.0
I0805 15:06:59.149782 139655895802176 pyconfig.py:559] Config param eval_sampling_strategy: greedy
I0805 15:06:59.149796 139655895802176 pyconfig.py:559] Config param eval_split: validation
I0805 15:06:59.149809 139655895802176 pyconfig.py:559] Config param eval_steps: -1
I0805 15:06:59.149823 139655895802176 pyconfig.py:559] Config param expansion_factor_real_data: -1.0
I0805 15:06:59.149837 139655895802176 pyconfig.py:559] Config param expert_balance: False
I0805 15:06:59.149850 139655895802176 pyconfig.py:559] Config param final_logits_soft_cap: None
I0805 15:06:59.149863 139655895802176 pyconfig.py:559] Config param first_num_dense_layers: 0
I0805 15:06:59.149877 139655895802176 pyconfig.py:559] Config param first_num_hash_layers: 0
I0805 15:06:59.149891 139655895802176 pyconfig.py:559] Config param float32_gate_logits: False
I0805 15:06:59.149905 139655895802176 pyconfig.py:559] Config param float32_logits: False
I0805 15:06:59.149919 139655895802176 pyconfig.py:559] Config param float32_qk_product: False
I0805 15:06:59.149932 139655895802176 pyconfig.py:559] Config param float32_weight_sum: True
I0805 15:06:59.149946 139655895802176 pyconfig.py:559] Config param force_q_layout: False
I0805 15:06:59.149959 139655895802176 pyconfig.py:559] Config param force_unroll: False
I0805 15:06:59.149972 139655895802176 pyconfig.py:559] Config param formatting_func_kwargs: {}
I0805 15:06:59.149986 139655895802176 pyconfig.py:559] Config param formatting_func_path: 
I0805 15:06:59.149999 139655895802176 pyconfig.py:559] Config param freeze_audio_encoder_params: True
I0805 15:06:59.150012 139655895802176 pyconfig.py:559] Config param freeze_vision_encoder_params: True
I0805 15:06:59.150025 139655895802176 pyconfig.py:559] Config param fuse_expert_scales: False
I0805 15:06:59.150038 139655895802176 pyconfig.py:559] Config param fused_mlp: False
I0805 15:06:59.150053 139655895802176 pyconfig.py:559] Config param fused_qkv: False
I0805 15:06:59.150066 139655895802176 pyconfig.py:559] Config param gcs_debug_path: 
I0805 15:06:59.150080 139655895802176 pyconfig.py:559] Config param gcs_metrics: False
I0805 15:06:59.150094 139655895802176 pyconfig.py:559] Config param gdn_chunk_size: 64
I0805 15:06:59.150108 139655895802176 pyconfig.py:559] Config param gdn_conv_kernel_dim: 4
I0805 15:06:59.150122 139655895802176 pyconfig.py:559] Config param gdn_key_head_dim: 128
I0805 15:06:59.150136 139655895802176 pyconfig.py:559] Config param gdn_num_key_heads: 16
I0805 15:06:59.150150 139655895802176 pyconfig.py:559] Config param gdn_num_value_heads: 32
I0805 15:06:59.150164 139655895802176 pyconfig.py:559] Config param gdn_value_head_dim: 128
I0805 15:06:59.150177 139655895802176 pyconfig.py:559] Config param generate_padding_batch_eval: False
I0805 15:06:59.150191 139655895802176 pyconfig.py:559] Config param generate_padding_batch_train: False
I0805 15:06:59.150205 139655895802176 pyconfig.py:559] Config param generate_slice: v5e-16
I0805 15:06:59.150218 139655895802176 pyconfig.py:559] Config param generation_configs: {}
I0805 15:06:59.150232 139655895802176 pyconfig.py:559] Config param global_batch_size_to_eval_on: 32
I0805 15:06:59.150246 139655895802176 pyconfig.py:559] Config param global_batch_size_to_load: 32
I0805 15:06:59.150259 139655895802176 pyconfig.py:559] Config param global_batch_size_to_load_eval: 32
I0805 15:06:59.150274 139655895802176 pyconfig.py:559] Config param global_batch_size_to_load_increment: None
I0805 15:06:59.150289 139655895802176 pyconfig.py:559] Config param global_batch_size_to_load_start: None
I0805 15:06:59.150304 139655895802176 pyconfig.py:559] Config param global_batch_size_to_train_on: 32
I0805 15:06:59.150318 139655895802176 pyconfig.py:559] Config param global_head_dim: 0
I0805 15:06:59.150332 139655895802176 pyconfig.py:559] Config param global_num_kv_heads: 0
I0805 15:06:59.150345 139655895802176 pyconfig.py:559] Config param global_parameter_scale: 1
I0805 15:06:59.150359 139655895802176 pyconfig.py:559] Config param global_rampup_samples: 500
I0805 15:06:59.150373 139655895802176 pyconfig.py:559] Config param global_rope_max_timescale: -1
I0805 15:06:59.150386 139655895802176 pyconfig.py:559] Config param global_rope_proportion: 0.25
I0805 15:06:59.150401 139655895802176 pyconfig.py:559] Config param goodput_upload_interval_seconds: 30
I0805 15:06:59.150414 139655895802176 pyconfig.py:559] Config param grad_dtype: float32
I0805 15:06:59.150454 139655895802176 pyconfig.py:559] Config param gradient_accumulation_steps: 1
I0805 15:06:59.150471 139655895802176 pyconfig.py:559] Config param gradient_clipping_threshold: 1.0
I0805 15:06:59.150485 139655895802176 pyconfig.py:559] Config param grain_data_source_max_workers: 16
I0805 15:06:59.150498 139655895802176 pyconfig.py:559] Config param grain_eval_files: 
I0805 15:06:59.150512 139655895802176 pyconfig.py:559] Config param grain_file_type: arrayrecord
I0805 15:06:59.150527 139655895802176 pyconfig.py:559] Config param grain_num_threads: 16
I0805 15:06:59.150542 139655895802176 pyconfig.py:559] Config param grain_num_threads_eval: 16
I0805 15:06:59.150555 139655895802176 pyconfig.py:559] Config param grain_packing_type: first_fit
I0805 15:06:59.150569 139655895802176 pyconfig.py:559] Config param grain_per_worker_buffer_size: 1
I0805 15:06:59.150582 139655895802176 pyconfig.py:559] Config param grain_per_worker_buffer_size_eval: 1
I0805 15:06:59.150596 139655895802176 pyconfig.py:559] Config param grain_prefetch_buffer_size: 500
I0805 15:06:59.150609 139655895802176 pyconfig.py:559] Config param grain_prefetch_buffer_size_eval: 500
I0805 15:06:59.150622 139655895802176 pyconfig.py:559] Config param grain_ram_budget_mb: 1024
I0805 15:06:59.150637 139655895802176 pyconfig.py:559] Config param grain_shuffle_buffer_size: 100
I0805 15:06:59.150651 139655895802176 pyconfig.py:559] Config param grain_train_files: 
I0805 15:06:59.150665 139655895802176 pyconfig.py:559] Config param grain_train_mixture_config_path: 
I0805 15:06:59.150678 139655895802176 pyconfig.py:559] Config param grain_use_elastic_iterator: False
I0805 15:06:59.150691 139655895802176 pyconfig.py:559] Config param grain_worker_count: 1
I0805 15:06:59.150704 139655895802176 pyconfig.py:559] Config param grain_worker_count_eval: 1
I0805 15:06:59.150718 139655895802176 pyconfig.py:559] Config param grpo_beta: 0.08
I0805 15:06:59.150732 139655895802176 pyconfig.py:559] Config param grpo_epsilon: 0.2
I0805 15:06:59.150746 139655895802176 pyconfig.py:559] Config param hardware: gpu
I0805 15:06:59.150759 139655895802176 pyconfig.py:559] Config param hbm_utilization_vllm: 0.72
I0805 15:06:59.150773 139655895802176 pyconfig.py:559] Config param head_dim: 128
I0805 15:06:59.150786 139655895802176 pyconfig.py:559] Config param heartbeat_reporting_interval_in_seconds: 5
I0805 15:06:59.150799 139655895802176 pyconfig.py:559] Config param hf_data_dir: None
I0805 15:06:59.150813 139655895802176 pyconfig.py:559] Config param hf_eval_files: None
I0805 15:06:59.150826 139655895802176 pyconfig.py:559] Config param hf_eval_split: None
I0805 15:06:59.150840 139655895802176 pyconfig.py:559] Config param hf_lora_adapter_path: 
I0805 15:06:59.150853 139655895802176 pyconfig.py:559] Config param hf_name: None
I0805 15:06:59.150866 139655895802176 pyconfig.py:559] Config param hf_path: 
I0805 15:06:59.150880 139655895802176 pyconfig.py:559] Config param hf_train_files: None
I0805 15:06:59.150894 139655895802176 pyconfig.py:559] Config param hidden_size_for_vit: 1408
I0805 15:06:59.150907 139655895802176 pyconfig.py:559] Config param hidden_size_per_layer_input: 0
I0805 15:06:59.150922 139655895802176 pyconfig.py:559] Config param hide_profiler_step_metric: False
I0805 15:06:59.150935 139655895802176 pyconfig.py:559] Config param ici_autoregressive_parallelism: 1
I0805 15:06:59.150948 139655895802176 pyconfig.py:559] Config param ici_context_autoregressive_parallelism: 1
I0805 15:06:59.150961 139655895802176 pyconfig.py:559] Config param ici_context_parallelism: 1
I0805 15:06:59.150974 139655895802176 pyconfig.py:559] Config param ici_data_parallelism: 1
I0805 15:06:59.150987 139655895802176 pyconfig.py:559] Config param ici_diloco_parallelism: 1
I0805 15:06:59.151001 139655895802176 pyconfig.py:559] Config param ici_expert_parallelism: -1
I0805 15:06:59.151014 139655895802176 pyconfig.py:559] Config param ici_fsdp_parallelism: 1
I0805 15:06:59.151027 139655895802176 pyconfig.py:559] Config param ici_fsdp_transpose_parallelism: 1
I0805 15:06:59.151041 139655895802176 pyconfig.py:559] Config param ici_parallelism: [1, 1, 1, 1, 1, 1, 1, 1, 1, 1, -1, 1]
I0805 15:06:59.151055 139655895802176 pyconfig.py:559] Config param ici_pipeline_parallelism: 1
I0805 15:06:59.151068 139655895802176 pyconfig.py:559] Config param ici_sequence_parallelism: 1
I0805 15:06:59.151082 139655895802176 pyconfig.py:559] Config param ici_tensor_parallelism: 1
I0805 15:06:59.151095 139655895802176 pyconfig.py:559] Config param ici_tensor_sequence_parallelism: 1
I0805 15:06:59.151108 139655895802176 pyconfig.py:559] Config param ici_tensor_transpose_parallelism: 1
I0805 15:06:59.151121 139655895802176 pyconfig.py:559] Config param image_path: 
I0805 15:06:59.151135 139655895802176 pyconfig.py:559] Config param image_placeholder: <|image|>
I0805 15:06:59.151148 139655895802176 pyconfig.py:559] Config param image_size_for_vit: 896
I0805 15:06:59.151161 139655895802176 pyconfig.py:559] Config param indexer_head_dim: 128
I0805 15:06:59.151175 139655895802176 pyconfig.py:559] Config param indexer_loss_scaling_factor: 0.0
I0805 15:06:59.151188 139655895802176 pyconfig.py:559] Config param indexer_n_heads: 64
I0805 15:06:59.151202 139655895802176 pyconfig.py:559] Config param indexer_sparse_training: False
I0805 15:06:59.151215 139655895802176 pyconfig.py:559] Config param indexer_topk: 2048
I0805 15:06:59.151228 139655895802176 pyconfig.py:559] Config param inference_benchmark_test: False
I0805 15:06:59.151241 139655895802176 pyconfig.py:559] Config param inference_metadata_file: 
I0805 15:06:59.151254 139655895802176 pyconfig.py:559] Config param inference_microbenchmark_log_file_path: 
I0805 15:06:59.151267 139655895802176 pyconfig.py:559] Config param inference_microbenchmark_loop_iters: 10
I0805 15:06:59.151281 139655895802176 pyconfig.py:559] Config param inference_microbenchmark_num_samples: [1, 2, 3, 4, 5]
I0805 15:06:59.151295 139655895802176 pyconfig.py:559] Config param inference_microbenchmark_prefill_lengths: 64,128,256,512,1024
I0805 15:06:59.151309 139655895802176 pyconfig.py:559] Config param inference_microbenchmark_stages: prefill,generate
I0805 15:06:59.151322 139655895802176 pyconfig.py:559] Config param inference_server: MaxtextInterleavedServer
I0805 15:06:59.151336 139655895802176 pyconfig.py:559] Config param inhomogeneous_layer_cycle_interval: 1
I0805 15:06:59.151350 139655895802176 pyconfig.py:559] Config param init_weights_seed: 0
I0805 15:06:59.151364 139655895802176 pyconfig.py:559] Config param input_data_sharding_logical_axes: ['activation_embed_and_logits_batch', 'activation_norm_length']
I0805 15:06:59.151378 139655895802176 pyconfig.py:559] Config param interleave_moe_layer_step: 1
I0805 15:06:59.151392 139655895802176 pyconfig.py:559] Config param intermediate_size_for_vit: 5632
I0805 15:06:59.151406 139655895802176 pyconfig.py:559] Config param internal_compile: False
I0805 15:06:59.151419 139655895802176 pyconfig.py:559] Config param internal_compile_num_devices: -1
I0805 15:06:59.151433 139655895802176 pyconfig.py:559] Config param jax_cache_dir: ~/jax_cache
I0805 15:06:59.151447 139655895802176 pyconfig.py:559] Config param jax_debug_log_modules: 
I0805 15:06:59.151458 139655895802176 pyconfig.py:559] Config param jax_distributed_heartbeat_timeout_seconds: 100
I0805 15:06:59.151471 139655895802176 pyconfig.py:559] Config param jax_distributed_initialization_timeout: 300
I0805 15:06:59.151484 139655895802176 pyconfig.py:559] Config param jax_profiler_port: 9999
I0805 15:06:59.151496 139655895802176 pyconfig.py:559] Config param key_proj: RematLocation.REMAT
I0805 15:06:59.151509 139655895802176 pyconfig.py:559] Config param kv_cache_buffer: 256
I0805 15:06:59.151522 139655895802176 pyconfig.py:559] Config param kv_lora_rank: 512
I0805 15:06:59.151534 139655895802176 pyconfig.py:559] Config param kv_quant_axis: KvQuantAxis.HEADS_AND_DKV
I0805 15:06:59.151547 139655895802176 pyconfig.py:559] Config param kv_quant_dtype: int8
I0805 15:06:59.151559 139655895802176 pyconfig.py:559] Config param kv_wa_proj: RematLocation.REMAT
I0805 15:06:59.151571 139655895802176 pyconfig.py:559] Config param learn_to_init_mode: False
I0805 15:06:59.151582 139655895802176 pyconfig.py:559] Config param learning_rate: 3e-05
I0805 15:06:59.151595 139655895802176 pyconfig.py:559] Config param learning_rate_final_fraction: 0.1
I0805 15:06:59.151608 139655895802176 pyconfig.py:559] Config param learning_rate_schedule_steps: 16
I0805 15:06:59.151619 139655895802176 pyconfig.py:559] Config param load_balance_loss_weight: 0.0
I0805 15:06:59.151631 139655895802176 pyconfig.py:559] Config param load_checkpoint_only_once: False
I0805 15:06:59.151641 139655895802176 pyconfig.py:559] Config param load_from_prefill_dir: False
I0805 15:06:59.151652 139655895802176 pyconfig.py:559] Config param load_full_state_path: 
I0805 15:06:59.151663 139655895802176 pyconfig.py:559] Config param load_parameters_path: 
I0805 15:06:59.151675 139655895802176 pyconfig.py:559] Config param local_checkpoint_directory: 
I0805 15:06:59.151686 139655895802176 pyconfig.py:559] Config param local_checkpoint_period: 0
I0805 15:06:59.151697 139655895802176 pyconfig.py:559] Config param local_rope_max_timescale: -1
I0805 15:06:59.151710 139655895802176 pyconfig.py:559] Config param local_rope_proportion: 1.0
I0805 15:06:59.151721 139655895802176 pyconfig.py:559] Config param log_config: True
I0805 15:06:59.151732 139655895802176 pyconfig.py:559] Config param log_period: 100
I0805 15:06:59.151744 139655895802176 pyconfig.py:559] Config param logical_axis_rules: (('activation_embed_and_logits_batch', ('data', 'stage', 'fsdp', 'fsdp_transpose', 'expert')), ('activation_embed_and_logits_batch_sequence', ('data', 'stage', 'fsdp', 'fsdp_transpose', 'context', 'expert')), ('activation_vocab', ('tensor', 'tensor_transpose', 'tensor_sequence')), ('activation_vocab', ('tensor', 'tensor_transpose')), ('activation_vocab', 'tensor_sequence'), ('vocab', ('tensor', 'tensor_transpose', 'tensor_sequence', 'autoregressive')), ('embed_vocab', ('fsdp', 'fsdp_transpose', 'context', 'expert')), ('activation_batch_attn', ('data', 'fsdp', 'fsdp_transpose', 'expert')), ('activation_heads', ('tensor', 'tensor_transpose', 'tensor_sequence', 'autoregressive')), ('activation_kv_heads', ('tensor', 'tensor_transpose', 'tensor_sequence')), ('activation_length_attn', ('context',)), ('activation_q_length', ('context',)), ('activation_kv_length', ()), ('activation_embed_attn', ('tensor', 'tensor_transpose')), ('activation_kv', ('tensor', 'tensor_transpose', 'tensor_sequence')), ('activation_kv_batch', ('data', 'fsdp', 'fsdp_transpose', 'expert')), ('activation_kv_head_dim', ('tensor', 'tensor_transpose', 'tensor_sequence')), ('heads', ('tensor', 'tensor_transpose', 'tensor_sequence', 'autoregressive')), ('q_heads', ('tensor', 'tensor_transpose', 'tensor_sequence', 'autoregressive')), ('kv_heads', ('tensor', 'tensor_transpose', 'tensor_sequence', 'autoregressive')), ('qkv', ()), ('kv', ()), ('kv_head_dim', ()), ('q_lora', ('fsdp', 'fsdp_transpose', 'context', 'tensor_transpose', 'expert')), ('q_lora', ('fsdp', 'context', 'tensor_transpose', 'expert')), ('q_lora', ('fsdp', 'fsdp_transpose', 'context', 'expert')), ('q_lora', ('fsdp', 'context', 'expert')), ('q_lora_up_proj', ()), ('kv_lora', ('fsdp', 'fsdp_transpose', 'context', 'tensor_transpose', 'expert')), ('kv_lora', ('fsdp', 'context', 'tensor_transpose', 'expert')), ('kv_lora', ('fsdp', 'fsdp_transpose', 'context', 'expert')), ('kv_lora', ('fsdp', 'context', 'expert')), ('kv_lora_up_proj', ()), ('activation_batch_moe', ('data', 'fsdp', 'fsdp_transpose', 'expert')), ('activation_length_moe', ('context',)), ('activation_norm_length_moe', ('tensor_sequence', 'context')), ('activation_embed_moe', ('tensor', 'tensor_transpose')), ('activation_mlp_moe', ('tensor', 'tensor_transpose', 'tensor_sequence')), ('activation_exp', ('expert',)), ('exp', 'expert'), ('mlp_moe', ('fsdp_transpose', 'tensor', 'tensor_sequence', 'autoregressive')), ('embed_moe', ('fsdp', 'fsdp_transpose', 'tensor_transpose', 'context')), ('embed_moe', ('fsdp', 'tensor_transpose', 'context')), ('embed_moe', ('fsdp', 'fsdp_transpose', 'context')), ('embed_moe', ('fsdp', 'context')), ('activation_mlp', ('tensor', 'tensor_transpose', 'tensor_sequence')), ('activation_batch', ('data', 'fsdp', 'fsdp_transpose', 'expert')), ('activation_length', ('context',)), ('activation_norm_length', ('tensor_sequence', 'context')), ('activation_embed', ('tensor', 'tensor_transpose')), ('activation_stage', 'stage'), ('mlp', ('fsdp_transpose', 'tensor', 'tensor_sequence', 'autoregressive')), ('gdn_head', ('fsdp_transpose', 'tensor', 'tensor_sequence', 'autoregressive')), ('embed', ('fsdp', 'fsdp_transpose', 'tensor_transpose', 'context', 'expert')), ('embed', ('fsdp', 'tensor_transpose', 'context', 'expert')), ('embed', ('fsdp', 'fsdp_transpose', 'context', 'expert')), ('embed', ('fsdp', 'context', 'expert')), ('norm', ('tensor', 'tensor_transpose')), ('layers', 'stage'), ('diloco', 'diloco'), ('engram_dim', ('tensor',)), ('dense_layers', ()), ('moe_layers', ()), ('mhc', ()), ('prefill_activation_length', ('context',)), ('prefill_activation_norm_length', ('tensor_sequence', 'context')), ('activation_prefill_kv_batch', ('data', 'fsdp', 'fsdp_transpose', 'expert')), ('decode_batch', ('data', 'fsdp', 'fsdp_transpose', 'expert')), ('decode_length', ()), ('cache_heads', ('autoregressive', 'tensor', 'tensor_transpose', 'tensor_sequence')), ('cache_heads', ('autoregressive', 'tensor', 'tensor_sequence')), ('paged_kv_heads', ('tensor',)), ('cache_batch_prefill', ()), ('cache_batch', ()), ('cache_heads_none', ()), ('cache_kv', ()), ('cache_sequence', ()), ('num_pages', ()), ('tokens_per_page', ()), ('paged_kv_head_dim_size', ()), ('mlp_no_fsdp', ('tensor', 'tensor_sequence', 'autoregressive')), ('embed_tensor_transpose', ('tensor_transpose',)), ('exp_with_fsdp', 'fsdp'))
I0805 15:06:59.151805 139655895802176 pyconfig.py:559] Config param logits_dot_in_fp32: False
I0805 15:06:59.151818 139655895802176 pyconfig.py:559] Config param logits_via_embedding: False
I0805 15:06:59.151830 139655895802176 pyconfig.py:559] Config param lora: {'enable_lora': False, 'lora_rank': 0, 'lora_alpha': 0.0, 'lora_module_path': '', 'lora_restore_path': ''}
I0805 15:06:59.151844 139655895802176 pyconfig.py:559] Config param lora_input_adapters_path: 
I0805 15:06:59.151856 139655895802176 pyconfig.py:559] Config param loss_agg_mode: sequence-mean-token-mean
I0805 15:06:59.151867 139655895802176 pyconfig.py:559] Config param loss_algo: grpo
I0805 15:06:59.151879 139655895802176 pyconfig.py:559] Config param lr_schedule_type: LearningRateScheduleType.COSINE
I0805 15:06:59.151894 139655895802176 pyconfig.py:559] Config param lti_layer_indices: None
I0805 15:06:59.151906 139655895802176 pyconfig.py:559] Config param lti_use_general_linear_map: False
I0805 15:06:59.151917 139655895802176 pyconfig.py:559] Config param managed_mldiagnostics: False
I0805 15:06:59.151929 139655895802176 pyconfig.py:559] Config param managed_mldiagnostics_dir: /root/work/scale-your-amd/runs/20260805-maxtext-disp-mixtral-tokamax/maxtext/disp-mixtral-tokamax/managed-mldiagnostics
I0805 15:06:59.151941 139655895802176 pyconfig.py:559] Config param managed_mldiagnostics_on_demand_profiling: True
I0805 15:06:59.151953 139655895802176 pyconfig.py:559] Config param managed_mldiagnostics_region: 
I0805 15:06:59.151965 139655895802176 pyconfig.py:559] Config param managed_mldiagnostics_run_group: 
I0805 15:06:59.151977 139655895802176 pyconfig.py:559] Config param math_verify_num_procs: None
I0805 15:06:59.151988 139655895802176 pyconfig.py:559] Config param math_verify_timeout: 300
I0805 15:06:59.152000 139655895802176 pyconfig.py:559] Config param matmul_precision: MatmulPrecision.DEFAULT
I0805 15:06:59.152014 139655895802176 pyconfig.py:559] Config param max_checkify: False
I0805 15:06:59.152026 139655895802176 pyconfig.py:559] Config param max_concurrency: 256
I0805 15:06:59.152036 139655895802176 pyconfig.py:559] Config param max_corpus_chars: 10000000
I0805 15:06:59.152048 139655895802176 pyconfig.py:559] Config param max_num_batched_tokens: None
I0805 15:06:59.152059 139655895802176 pyconfig.py:559] Config param max_num_checkpoints_to_keep: None
I0805 15:06:59.152070 139655895802176 pyconfig.py:559] Config param max_num_images_per_example: -1
I0805 15:06:59.152081 139655895802176 pyconfig.py:559] Config param max_num_seqs: None
I0805 15:06:59.152093 139655895802176 pyconfig.py:559] Config param max_position_embeddings: 163840
I0805 15:06:59.152104 139655895802176 pyconfig.py:559] Config param max_prefill_predict_length: 64
I0805 15:06:59.152115 139655895802176 pyconfig.py:559] Config param max_sample_len_for_audio: 10000
I0805 15:06:59.152125 139655895802176 pyconfig.py:559] Config param max_segments_per_seq: 1
I0805 15:06:59.152137 139655895802176 pyconfig.py:559] Config param max_source_positions_for_audio: 1500
I0805 15:06:59.152148 139655895802176 pyconfig.py:559] Config param max_target_length: 4096
I0805 15:06:59.152160 139655895802176 pyconfig.py:559] Config param max_timescale_for_audio: 10000.0
I0805 15:06:59.152173 139655895802176 pyconfig.py:559] Config param megablox: False
I0805 15:06:59.152186 139655895802176 pyconfig.py:559] Config param merge_gating_gmm: False
I0805 15:06:59.152198 139655895802176 pyconfig.py:559] Config param mesh_axes: ['diloco', 'data', 'stage', 'fsdp', 'fsdp_transpose', 'context', 'context_autoregressive', 'tensor', 'tensor_transpose', 'tensor_sequence', 'expert', 'autoregressive']
I0805 15:06:59.152211 139655895802176 pyconfig.py:559] Config param metrics_dir: /root/work/scale-your-amd/runs/20260805-maxtext-disp-mixtral-tokamax/maxtext/disp-mixtral-tokamax/metrics/
I0805 15:06:59.152224 139655895802176 pyconfig.py:559] Config param metrics_file: 
I0805 15:06:59.152235 139655895802176 pyconfig.py:559] Config param mhc_expansion_rate: 1
I0805 15:06:59.152247 139655895802176 pyconfig.py:559] Config param micro_batch_size_to_eval_on: 32
I0805 15:06:59.152258 139655895802176 pyconfig.py:559] Config param micro_batch_size_to_train_on: 32
I0805 15:06:59.152269 139655895802176 pyconfig.py:559] Config param mla_kv: RematLocation.REMAT
I0805 15:06:59.152281 139655895802176 pyconfig.py:559] Config param mla_naive_kvcache: True
I0805 15:06:59.152293 139655895802176 pyconfig.py:559] Config param mla_q: RematLocation.REMAT
I0805 15:06:59.152307 139655895802176 pyconfig.py:559] Config param mlp_activations: ['silu', 'linear']
I0805 15:06:59.152320 139655895802176 pyconfig.py:559] Config param mlp_activations_limit: -1.0
I0805 15:06:59.152333 139655895802176 pyconfig.py:559] Config param mlp_bias: False
I0805 15:06:59.152345 139655895802176 pyconfig.py:559] Config param mlp_dim: 14336
I0805 15:06:59.152357 139655895802176 pyconfig.py:559] Config param mlpwi: RematLocation.REMAT
I0805 15:06:59.152369 139655895802176 pyconfig.py:559] Config param mlpwi_0: RematLocation.REMAT
I0805 15:06:59.152380 139655895802176 pyconfig.py:559] Config param mlpwi_1: RematLocation.REMAT
I0805 15:06:59.152392 139655895802176 pyconfig.py:559] Config param mlpwo: RematLocation.REMAT
I0805 15:06:59.152403 139655895802176 pyconfig.py:559] Config param moba: False
I0805 15:06:59.152415 139655895802176 pyconfig.py:559] Config param moba_chunk_size: 1024
I0805 15:06:59.152429 139655895802176 pyconfig.py:559] Config param moba_topk: 8
I0805 15:06:59.152441 139655895802176 pyconfig.py:559] Config param model_call_mode: 
I0805 15:06:59.152453 139655895802176 pyconfig.py:559] Config param model_name: mixtral-8x7b
I0805 15:06:59.152465 139655895802176 pyconfig.py:559] Config param moe_dispatch_no_expert_sharding: False
I0805 15:06:59.152477 139655895802176 pyconfig.py:559] Config param moe_expert_input_dim: -1
I0805 15:06:59.152491 139655895802176 pyconfig.py:559] Config param moe_fsdp_use_two_stage_all_gather: False
I0805 15:06:59.152503 139655895802176 pyconfig.py:559] Config param moe_mlp_dim: 14336
I0805 15:06:59.152515 139655895802176 pyconfig.py:559] Config param moe_mlpwi_0: RematLocation.REMAT
I0805 15:06:59.152527 139655895802176 pyconfig.py:559] Config param moe_mlpwi_1: RematLocation.REMAT
I0805 15:06:59.152539 139655895802176 pyconfig.py:559] Config param moe_mlpwo: RematLocation.REMAT
I0805 15:06:59.152551 139655895802176 pyconfig.py:559] Config param monitor_goodput: False
I0805 15:06:59.152564 139655895802176 pyconfig.py:559] Config param monitor_step_time_deviation: True
I0805 15:06:59.152575 139655895802176 pyconfig.py:559] Config param mrope_section: [24, 20, 20]
I0805 15:06:59.152586 139655895802176 pyconfig.py:559] Config param mscale: 1.0
I0805 15:06:59.152599 139655895802176 pyconfig.py:559] Config param mtc_data_parallelism: 0
I0805 15:06:59.152610 139655895802176 pyconfig.py:559] Config param mtp_eval_target_module: 0
I0805 15:06:59.152621 139655895802176 pyconfig.py:559] Config param mtp_loss_scaling_factor: 0.1
I0805 15:06:59.152632 139655895802176 pyconfig.py:559] Config param mtp_num_layers: 0
I0805 15:06:59.152644 139655895802176 pyconfig.py:559] Config param mu_dtype: float32
I0805 15:06:59.152665 139655895802176 pyconfig.py:559] Config param multi_sampling: False
I0805 15:06:59.152679 139655895802176 pyconfig.py:559] Config param multi_tier_checkpointing_backup_interval_minutes: 0
I0805 15:06:59.152692 139655895802176 pyconfig.py:559] Config param muon_beta: 0.95
I0805 15:06:59.152705 139655895802176 pyconfig.py:559] Config param muon_consistent_rms: None
I0805 15:06:59.152717 139655895802176 pyconfig.py:559] Config param muon_weight_decay: 0.0
I0805 15:06:59.152728 139655895802176 pyconfig.py:559] Config param n_routing_groups: -1
I0805 15:06:59.152739 139655895802176 pyconfig.py:559] Config param n_window_for_audio: 50
I0805 15:06:59.152750 139655895802176 pyconfig.py:559] Config param n_window_infer_for_audio: 800
I0805 15:06:59.152761 139655895802176 pyconfig.py:559] Config param nope_layer_interval: -1
I0805 15:06:59.152772 139655895802176 pyconfig.py:559] Config param norm_topk_prob: False
I0805 15:06:59.152783 139655895802176 pyconfig.py:559] Config param normalization_layer_epsilon: 1e-05
I0805 15:06:59.152796 139655895802176 pyconfig.py:559] Config param normalize_embedding_logits: True
I0805 15:06:59.152808 139655895802176 pyconfig.py:559] Config param num_attention_heads_for_vit: 16
I0805 15:06:59.152819 139655895802176 pyconfig.py:559] Config param num_batches: 4
I0805 15:06:59.152830 139655895802176 pyconfig.py:559] Config param num_channels_for_vit: 3
I0805 15:06:59.152842 139655895802176 pyconfig.py:559] Config param num_conv_layers_for_audio: 3
I0805 15:06:59.152853 139655895802176 pyconfig.py:559] Config param num_decoder_layers: 32
I0805 15:06:59.152864 139655895802176 pyconfig.py:559] Config param num_diloco_replicas: 1
I0805 15:06:59.152875 139655895802176 pyconfig.py:559] Config param num_epoch: 1
I0805 15:06:59.152887 139655895802176 pyconfig.py:559] Config param num_eval_passes: 1
I0805 15:06:59.152899 139655895802176 pyconfig.py:559] Config param num_experts: 8
I0805 15:06:59.152910 139655895802176 pyconfig.py:559] Config param num_experts_per_tok: 2
I0805 15:06:59.152922 139655895802176 pyconfig.py:559] Config param num_generations: 2
I0805 15:06:59.152934 139655895802176 pyconfig.py:559] Config param num_hidden_layers_for_vit: 34
I0805 15:06:59.152945 139655895802176 pyconfig.py:559] Config param num_iterations: 1
I0805 15:06:59.152958 139655895802176 pyconfig.py:559] Config param num_kv_heads: 8
I0805 15:06:59.152969 139655895802176 pyconfig.py:559] Config param num_kv_shared_layers: 0
I0805 15:06:59.152981 139655895802176 pyconfig.py:559] Config param num_layers_per_pipeline_stage: 1
I0805 15:06:59.152992 139655895802176 pyconfig.py:559] Config param num_mel_bins_for_audio: 128
I0805 15:06:59.153002 139655895802176 pyconfig.py:559] Config param num_pipeline_microbatches: -1
I0805 15:06:59.153012 139655895802176 pyconfig.py:559] Config param num_pipeline_repeats: -1
I0805 15:06:59.153023 139655895802176 pyconfig.py:559] Config param num_position_embeddings_for_vit: 1024
I0805 15:06:59.153034 139655895802176 pyconfig.py:559] Config param num_query_heads: 32
I0805 15:06:59.153046 139655895802176 pyconfig.py:559] Config param num_samplers_slices: -1
I0805 15:06:59.153056 139655895802176 pyconfig.py:559] Config param num_slices: 1
I0805 15:06:59.153068 139655895802176 pyconfig.py:559] Config param num_target_devices: 8
I0805 15:06:59.153078 139655895802176 pyconfig.py:559] Config param num_test_batches: 5
I0805 15:06:59.153089 139655895802176 pyconfig.py:559] Config param num_trainer_slices: -1
I0805 15:06:59.153100 139655895802176 pyconfig.py:559] Config param num_vocab_tiling: 1
I0805 15:06:59.153112 139655895802176 pyconfig.py:559] Config param o_groups: 0
I0805 15:06:59.153123 139655895802176 pyconfig.py:559] Config param o_lora_rank: 0
I0805 15:06:59.153134 139655895802176 pyconfig.py:559] Config param off_policy_steps: 0
I0805 15:06:59.153144 139655895802176 pyconfig.py:559] Config param offline_data_dir: None
I0805 15:06:59.153156 139655895802176 pyconfig.py:559] Config param olmo_apply_ngram_filter: True
I0805 15:06:59.153167 139655895802176 pyconfig.py:559] Config param olmo_index_path: 
I0805 15:06:59.153179 139655895802176 pyconfig.py:559] Config param olmo_path_remap_from: 
I0805 15:06:59.153190 139655895802176 pyconfig.py:559] Config param olmo_path_remap_to: 
I0805 15:06:59.153202 139655895802176 pyconfig.py:559] Config param opt_type: OptimizerType.ADAMW
I0805 15:06:59.153215 139655895802176 pyconfig.py:559] Config param optimize_mesh_for_tpu_v6e: False
I0805 15:06:59.153227 139655895802176 pyconfig.py:559] Config param optimizer_memory_host_offload: False
I0805 15:06:59.153238 139655895802176 pyconfig.py:559] Config param original_max_position_embeddings: 4096
I0805 15:06:59.153249 139655895802176 pyconfig.py:559] Config param out_hidden_size_for_vit: 512
I0805 15:06:59.153260 139655895802176 pyconfig.py:559] Config param out_proj: RematLocation.REMAT
I0805 15:06:59.153271 139655895802176 pyconfig.py:559] Config param output_dim_for_audio: 512
I0805 15:06:59.153285 139655895802176 pyconfig.py:559] Config param override_logical_axis_rules: False
I0805 15:06:59.153296 139655895802176 pyconfig.py:559] Config param override_model_config: False
I0805 15:06:59.153306 139655895802176 pyconfig.py:559] Config param packing: True
I0805 15:06:59.153317 139655895802176 pyconfig.py:559] Config param padded_base_moe_mlp_dim: None
I0805 15:06:59.153328 139655895802176 pyconfig.py:559] Config param param_scan_axis: 1
I0805 15:06:59.153339 139655895802176 pyconfig.py:559] Config param parameter_memory_host_offload: False
I0805 15:06:59.153349 139655895802176 pyconfig.py:559] Config param partial_rotary_factor: 1.0
I0805 15:06:59.153361 139655895802176 pyconfig.py:559] Config param patch_size_for_vit: 14
I0805 15:06:59.153371 139655895802176 pyconfig.py:559] Config param penalty_incorrect_answer: -1.0
I0805 15:06:59.153383 139655895802176 pyconfig.py:559] Config param penalty_incorrect_format: -0.5
I0805 15:06:59.153394 139655895802176 pyconfig.py:559] Config param per_device_batch_size: 4.0
I0805 15:06:59.153405 139655895802176 pyconfig.py:559] Config param per_device_batch_size_increment: 2.0
I0805 15:06:59.153416 139655895802176 pyconfig.py:559] Config param per_device_batch_size_start: 4.0
I0805 15:06:59.153428 139655895802176 pyconfig.py:559] Config param pipeline_delay_activation_forwarding: False
I0805 15:06:59.153439 139655895802176 pyconfig.py:559] Config param pipeline_fsdp_ag_once: False
I0805 15:06:59.153450 139655895802176 pyconfig.py:559] Config param pipeline_fsdp_ag_per_repeat: False
I0805 15:06:59.153461 139655895802176 pyconfig.py:559] Config param pipeline_parallel_layers: 32
I0805 15:06:59.153472 139655895802176 pyconfig.py:559] Config param pixel_shuffle_ratio_for_vit: 0.5
I0805 15:06:59.153484 139655895802176 pyconfig.py:559] Config param posemb_type_for_vit: learn
I0805 15:06:59.153496 139655895802176 pyconfig.py:559] Config param position_id_per_seconds: 25
I0805 15:06:59.153510 139655895802176 pyconfig.py:559] Config param prefill_cache_axis_order: 1,2,0,3
I0805 15:06:59.153523 139655895802176 pyconfig.py:559] Config param prefill_cache_dir: 
I0805 15:06:59.153535 139655895802176 pyconfig.py:559] Config param prefill_chunk_size: 256
I0805 15:06:59.153547 139655895802176 pyconfig.py:559] Config param prefill_slice: v5e-16
I0805 15:06:59.153559 139655895802176 pyconfig.py:559] Config param prefix_caching_dram_byte: 100000000000
I0805 15:06:59.153572 139655895802176 pyconfig.py:559] Config param prefix_caching_hbm_byte: 10000000000
I0805 15:06:59.153583 139655895802176 pyconfig.py:559] Config param prefuse_moe_weights: False
I0805 15:06:59.153595 139655895802176 pyconfig.py:559] Config param profile_cleanly: True
I0805 15:06:59.153606 139655895802176 pyconfig.py:559] Config param profile_periodically_period: -1
I0805 15:06:59.153617 139655895802176 pyconfig.py:559] Config param profile_power_events: False
I0805 15:06:59.153628 139655895802176 pyconfig.py:559] Config param profiler: ProfilerType.NONE
I0805 15:06:59.153641 139655895802176 pyconfig.py:559] Config param profiler_steps: 5
I0805 15:06:59.153652 139655895802176 pyconfig.py:559] Config param projector_dropout_for_vit: 0.0
I0805 15:06:59.153664 139655895802176 pyconfig.py:559] Config param projector_input_dim_for_vit: 4096
I0805 15:06:59.153674 139655895802176 pyconfig.py:559] Config param projector_output_dim_for_vit: 4096
I0805 15:06:59.153686 139655895802176 pyconfig.py:559] Config param prometheus_port: 0
I0805 15:06:59.153697 139655895802176 pyconfig.py:559] Config param prompt: I love to
I0805 15:06:59.153707 139655895802176 pyconfig.py:559] Config param pure_nnx: False
I0805 15:06:59.153718 139655895802176 pyconfig.py:559] Config param pure_nnx_decoder: False
I0805 15:06:59.153734 139655895802176 pyconfig.py:559] Config param q_lora_rank: 0
I0805 15:06:59.153744 139655895802176 pyconfig.py:559] Config param qk_clip_threshold: 100.0
I0805 15:06:59.153756 139655895802176 pyconfig.py:559] Config param qk_nope_head_dim: 128
I0805 15:06:59.153767 139655895802176 pyconfig.py:559] Config param qk_norm_with_scale: True
I0805 15:06:59.153779 139655895802176 pyconfig.py:559] Config param qk_rope_head_dim: 64
I0805 15:06:59.153790 139655895802176 pyconfig.py:559] Config param qkv_proj: RematLocation.REMAT
I0805 15:06:59.153801 139655895802176 pyconfig.py:559] Config param quant_cfg_path: 
I0805 15:06:59.153813 139655895802176 pyconfig.py:559] Config param quantization: QuantizationType.NONE
I0805 15:06:59.153826 139655895802176 pyconfig.py:559] Config param quantization_local_shard_count: 8
I0805 15:06:59.153837 139655895802176 pyconfig.py:559] Config param quantize_kvcache: False
I0805 15:06:59.153848 139655895802176 pyconfig.py:559] Config param query_proj: RematLocation.REMAT
I0805 15:06:59.153860 139655895802176 pyconfig.py:559] Config param query_wa_proj: RematLocation.REMAT
I0805 15:06:59.153871 139655895802176 pyconfig.py:559] Config param ragged_block_size: 256
I0805 15:06:59.153882 139655895802176 pyconfig.py:559] Config param ragged_buffer_factor: -1.0
I0805 15:06:59.153894 139655895802176 pyconfig.py:559] Config param ragged_gather_cost_estimate_bytes_accessed: -1
I0805 15:06:59.153905 139655895802176 pyconfig.py:559] Config param ragged_gather_cost_estimate_flops: -1
I0805 15:06:59.153916 139655895802176 pyconfig.py:559] Config param ragged_gather_fallback: False
I0805 15:06:59.153927 139655895802176 pyconfig.py:559] Config param ragged_gather_reduce_cost_estimate_bytes_accessed: -1
I0805 15:06:59.153938 139655895802176 pyconfig.py:559] Config param ragged_gather_reduce_cost_estimate_flops: -1
I0805 15:06:59.153950 139655895802176 pyconfig.py:559] Config param ragged_gather_reduce_fallback: False
I0805 15:06:59.153961 139655895802176 pyconfig.py:559] Config param rampup_end_step: 0
I0805 15:06:59.153973 139655895802176 pyconfig.py:559] Config param rampup_samples_per_increment_to_load: None
I0805 15:06:59.153984 139655895802176 pyconfig.py:559] Config param reasoning_end_token: </reasoning>
I0805 15:06:59.153995 139655895802176 pyconfig.py:559] Config param reasoning_start_token: <reasoning>
I0805 15:06:59.154006 139655895802176 pyconfig.py:559] Config param record_internal_nn_metrics: 0
I0805 15:06:59.154017 139655895802176 pyconfig.py:559] Config param remat_policy: save_dot_with_context_except_mlp
I0805 15:06:59.154028 139655895802176 pyconfig.py:559] Config param remat_policy_for_vit: minimal
I0805 15:06:59.154039 139655895802176 pyconfig.py:559] Config param remove_size_one_mesh_axis_from_type: True
I0805 15:06:59.154051 139655895802176 pyconfig.py:559] Config param replicate_quant_scale: False
I0805 15:06:59.154062 139655895802176 pyconfig.py:559] Config param replicator_backup_interval_minutes: 0
I0805 15:06:59.154073 139655895802176 pyconfig.py:559] Config param report_heartbeat_metric_for_gcp_monitoring: False
I0805 15:06:59.154084 139655895802176 pyconfig.py:559] Config param report_performance_metric_for_gcp_monitoring: False
I0805 15:06:59.154095 139655895802176 pyconfig.py:559] Config param reshape_q: False
I0805 15:06:59.154106 139655895802176 pyconfig.py:559] Config param reshard_chunk_size: None
I0805 15:06:59.154118 139655895802176 pyconfig.py:559] Config param return_log_prob: False
I0805 15:06:59.154129 139655895802176 pyconfig.py:559] Config param reuse_example_batch: 0
I0805 15:06:59.154140 139655895802176 pyconfig.py:559] Config param reward_exact_answer: 5.0
I0805 15:06:59.154152 139655895802176 pyconfig.py:559] Config param reward_exact_format_match: 3.0
I0805 15:06:59.154162 139655895802176 pyconfig.py:559] Config param reward_partial_format_match: 0.5
I0805 15:06:59.154174 139655895802176 pyconfig.py:559] Config param reward_ratio_guess_to_answer_high: 0.5
I0805 15:06:59.154185 139655895802176 pyconfig.py:559] Config param reward_ratio_guess_to_answer_low: 0.25
I0805 15:06:59.154197 139655895802176 pyconfig.py:559] Config param reward_white_space_format_match: 1.5
I0805 15:06:59.154209 139655895802176 pyconfig.py:559] Config param rl: {'num_generations': 2, 'num_iterations': 1, 'grpo_beta': 0.08, 'grpo_epsilon': 0.2, 'loss_algo': 'grpo', 'loss_agg_mode': 'sequence-mean-token-mean', 'use_agentic_rollout': False, 'max_concurrency': 256, 'off_policy_steps': 0, 'system_prompt': '', 'degenerate_group_masking': True, 'epsilon_high': None, 'reshard_chunk_size': None}
I0805 15:06:59.154226 139655895802176 pyconfig.py:559] Config param rollout_data_parallelism: -1
I0805 15:06:59.154238 139655895802176 pyconfig.py:559] Config param rollout_expert_parallelism: 1
I0805 15:06:59.154249 139655895802176 pyconfig.py:559] Config param rollout_micro_batch_size: -1
I0805 15:06:59.154260 139655895802176 pyconfig.py:559] Config param rollout_tensor_parallelism: -1
I0805 15:06:59.154272 139655895802176 pyconfig.py:559] Config param rope_attention_scaling: False
I0805 15:06:59.154283 139655895802176 pyconfig.py:559] Config param rope_factor: 40
I0805 15:06:59.154294 139655895802176 pyconfig.py:559] Config param rope_interleave: True
I0805 15:06:59.154305 139655895802176 pyconfig.py:559] Config param rope_linear_scaling_factor: 1.0
I0805 15:06:59.154316 139655895802176 pyconfig.py:559] Config param rope_max_timescale: 1000000
I0805 15:06:59.154328 139655895802176 pyconfig.py:559] Config param rope_min_timescale: 1
I0805 15:06:59.154340 139655895802176 pyconfig.py:559] Config param rope_theta_for_vit: 10000
I0805 15:06:59.154350 139655895802176 pyconfig.py:559] Config param rope_truncate: True
I0805 15:06:59.154362 139655895802176 pyconfig.py:559] Config param rope_type: RopeType.DEFAULT
I0805 15:06:59.154375 139655895802176 pyconfig.py:559] Config param rope_use_scale: True
I0805 15:06:59.154387 139655895802176 pyconfig.py:559] Config param routed_bias: False
I0805 15:06:59.154398 139655895802176 pyconfig.py:559] Config param routed_bias_update_rate: 0.0
I0805 15:06:59.154410 139655895802176 pyconfig.py:559] Config param routed_scaling_factor: 1.0
I0805 15:06:59.154421 139655895802176 pyconfig.py:559] Config param routed_score_func: 
I0805 15:06:59.154432 139655895802176 pyconfig.py:559] Config param run_name: disp-mixtral-tokamax
I0805 15:06:59.154444 139655895802176 pyconfig.py:559] Config param sa_block_kv: 512
I0805 15:06:59.154455 139655895802176 pyconfig.py:559] Config param sa_block_kv_compute: 512
I0805 15:06:59.154467 139655895802176 pyconfig.py:559] Config param sa_block_kv_dkv: 512
I0805 15:06:59.154479 139655895802176 pyconfig.py:559] Config param sa_block_kv_dkv_compute: 512
I0805 15:06:59.154489 139655895802176 pyconfig.py:559] Config param sa_block_kv_dq: 512
I0805 15:06:59.154501 139655895802176 pyconfig.py:559] Config param sa_block_q: 512
I0805 15:06:59.154512 139655895802176 pyconfig.py:559] Config param sa_block_q_dkv: 512
I0805 15:06:59.154523 139655895802176 pyconfig.py:559] Config param sa_block_q_dq: 512
I0805 15:06:59.154535 139655895802176 pyconfig.py:559] Config param sa_k_layout: HEAD_DIM_MINOR
I0805 15:06:59.154546 139655895802176 pyconfig.py:559] Config param sa_q_layout: HEAD_DIM_MINOR
I0805 15:06:59.154557 139655895802176 pyconfig.py:559] Config param sa_use_fused_bwd_kernel: False
I0805 15:06:59.154569 139655895802176 pyconfig.py:559] Config param sa_v_layout: HEAD_DIM_MINOR
I0805 15:06:59.154580 139655895802176 pyconfig.py:559] Config param sampler_devices_fraction: 0.5
I0805 15:06:59.154592 139655895802176 pyconfig.py:559] Config param save_checkpoint_on_completion: True
I0805 15:06:59.154603 139655895802176 pyconfig.py:559] Config param save_config_to_gcs: False
I0805 15:06:59.154614 139655895802176 pyconfig.py:559] Config param save_quantized_params_path: 
I0805 15:06:59.154625 139655895802176 pyconfig.py:559] Config param scale_embedding_for_audio: True
I0805 15:06:59.154637 139655895802176 pyconfig.py:559] Config param scan_layers: True
I0805 15:06:59.154648 139655895802176 pyconfig.py:559] Config param scan_layers_per_stage: False
I0805 15:06:59.154659 139655895802176 pyconfig.py:559] Config param scan_pipeline_iterations: True
I0805 15:06:59.154669 139655895802176 pyconfig.py:559] Config param scan_pipeline_repeats: False
I0805 15:06:59.154680 139655895802176 pyconfig.py:559] Config param set_remat_policy_on_layers_per_stage: False
I0805 15:06:59.154692 139655895802176 pyconfig.py:559] Config param set_remat_policy_on_pipeline_iterations: True
I0805 15:06:59.154703 139655895802176 pyconfig.py:559] Config param sft_train_on_completion_only: False
I0805 15:06:59.154714 139655895802176 pyconfig.py:559] Config param shard_exp_on_fsdp: False
I0805 15:06:59.154725 139655895802176 pyconfig.py:559] Config param shard_mode: ShardMode.AUTO
I0805 15:06:59.154737 139655895802176 pyconfig.py:559] Config param shard_optimizer_over_data: False
I0805 15:06:59.154749 139655895802176 pyconfig.py:559] Config param sharding_strategy: None
I0805 15:06:59.154761 139655895802176 pyconfig.py:559] Config param sharding_tolerance: 0.02
I0805 15:06:59.154772 139655895802176 pyconfig.py:559] Config param shardy: True
I0805 15:06:59.154784 139655895802176 pyconfig.py:559] Config param share_kv_projections: False
I0805 15:06:59.154795 139655895802176 pyconfig.py:559] Config param shared_experts: 0
I0805 15:06:59.154806 139655895802176 pyconfig.py:559] Config param sinkhorn_iterations: 20
I0805 15:06:59.154818 139655895802176 pyconfig.py:559] Config param skip_first_n_steps_for_profiler: 1
I0805 15:06:59.154829 139655895802176 pyconfig.py:559] Config param skip_jax_distributed_system: False
I0805 15:06:59.154840 139655895802176 pyconfig.py:559] Config param skip_step_interval: 128
I0805 15:06:59.154851 139655895802176 pyconfig.py:559] Config param skip_step_on_spikes: False
I0805 15:06:59.154863 139655895802176 pyconfig.py:559] Config param skip_step_scaling_factor: 6.0
I0805 15:06:59.154874 139655895802176 pyconfig.py:559] Config param sliding_window_size: 0
I0805 15:06:59.154886 139655895802176 pyconfig.py:559] Config param solution_end_token: </answer>
I0805 15:06:59.154897 139655895802176 pyconfig.py:559] Config param solution_start_token: <answer>
I0805 15:06:59.154908 139655895802176 pyconfig.py:559] Config param source_checkpoint_layout: orbax
I0805 15:06:59.154919 139655895802176 pyconfig.py:559] Config param sparse_matmul: True
I0805 15:06:59.154931 139655895802176 pyconfig.py:559] Config param spatial_merge_size_for_vit: 2
I0805 15:06:59.154942 139655895802176 pyconfig.py:559] Config param stack_prefill_result_cache: False
I0805 15:06:59.154953 139655895802176 pyconfig.py:559] Config param step_deviation_interval_seconds: 30
I0805 15:06:59.154964 139655895802176 pyconfig.py:559] Config param steps: 16
I0805 15:06:59.154976 139655895802176 pyconfig.py:559] Config param stop_strings: None
I0805 15:06:59.154988 139655895802176 pyconfig.py:559] Config param student_overrides: {}
I0805 15:06:59.154999 139655895802176 pyconfig.py:559] Config param student_params_to_update: None
I0805 15:06:59.155010 139655895802176 pyconfig.py:559] Config param subslice_shape: 
I0805 15:06:59.155021 139655895802176 pyconfig.py:559] Config param swap_space_vllm_gb: 2
I0805 15:06:59.155033 139655895802176 pyconfig.py:559] Config param system_prompt: 
I0805 15:06:59.155044 139655895802176 pyconfig.py:559] Config param target_eval_loss: 0.0
I0805 15:06:59.155055 139655895802176 pyconfig.py:559] Config param teacher_overrides: {}
I0805 15:06:59.155066 139655895802176 pyconfig.py:559] Config param temperature_tuning: False
I0805 15:06:59.155078 139655895802176 pyconfig.py:559] Config param temporal_patch_size_for_vit: 2
I0805 15:06:59.155089 139655895802176 pyconfig.py:559] Config param tensorboard_dir: /root/work/scale-your-amd/runs/20260805-maxtext-disp-mixtral-tokamax/maxtext/disp-mixtral-tokamax/tensorboard/
I0805 15:06:59.155100 139655895802176 pyconfig.py:559] Config param tensors_on_device: None
I0805 15:06:59.155112 139655895802176 pyconfig.py:559] Config param tensors_to_offload: None
I0805 15:06:59.155124 139655895802176 pyconfig.py:559] Config param test_batch_start_index: 0
I0805 15:06:59.155135 139655895802176 pyconfig.py:559] Config param tile_size_for_vit: 336
I0805 15:06:59.155147 139655895802176 pyconfig.py:559] Config param tokenize_eval_data: True
I0805 15:06:59.155158 139655895802176 pyconfig.py:559] Config param tokenize_train_data: True
I0805 15:06:59.155169 139655895802176 pyconfig.py:559] Config param tokenizer_path: mistralai/Mixtral-8x7B-Instruct-v0.1
I0805 15:06:59.155180 139655895802176 pyconfig.py:559] Config param tokenizer_type: TokenizerType.SENTENCEPIECE
I0805 15:06:59.155192 139655895802176 pyconfig.py:559] Config param topk_routing_group: -1
I0805 15:06:59.155204 139655895802176 pyconfig.py:559] Config param tpu_num_chips_to_profile_per_task: 1
I0805 15:06:59.155215 139655895802176 pyconfig.py:559] Config param tpu_num_sparse_core_tiles_to_trace: 1
I0805 15:06:59.155226 139655895802176 pyconfig.py:559] Config param tpu_num_sparse_cores_to_trace: 2
I0805 15:06:59.155238 139655895802176 pyconfig.py:559] Config param train_data_columns: ['text']
I0805 15:06:59.155249 139655895802176 pyconfig.py:559] Config param train_fraction: 1.0
I0805 15:06:59.155261 139655895802176 pyconfig.py:559] Config param train_image_column: image
I0805 15:06:59.155273 139655895802176 pyconfig.py:559] Config param train_micro_batch_size: -1
I0805 15:06:59.155283 139655895802176 pyconfig.py:559] Config param train_split: train
I0805 15:06:59.155294 139655895802176 pyconfig.py:559] Config param trainable_parameters_mask: []
I0805 15:06:59.155306 139655895802176 pyconfig.py:559] Config param trainable_position_size: -1
I0805 15:06:59.155317 139655895802176 pyconfig.py:559] Config param trainer_devices_fraction: 0.5
I0805 15:06:59.155329 139655895802176 pyconfig.py:559] Config param upload_all_profiler_results: False
I0805 15:06:59.155340 139655895802176 pyconfig.py:559] Config param use_agentic_rollout: False
I0805 15:06:59.155351 139655895802176 pyconfig.py:559] Config param use_audio: False
I0805 15:06:59.155362 139655895802176 pyconfig.py:559] Config param use_audio_in_video: False
I0805 15:06:59.155374 139655895802176 pyconfig.py:559] Config param use_batch_split_schedule: False
I0805 15:06:59.155385 139655895802176 pyconfig.py:559] Config param use_chat_template: False
I0805 15:06:59.155395 139655895802176 pyconfig.py:559] Config param use_chunked_prefill: False
I0805 15:06:59.155407 139655895802176 pyconfig.py:559] Config param use_custom_sort_vjp: True
I0805 15:06:59.155418 139655895802176 pyconfig.py:559] Config param use_double_wide_mlp: False
I0805 15:06:59.155430 139655895802176 pyconfig.py:559] Config param use_dpo: False
I0805 15:06:59.155441 139655895802176 pyconfig.py:559] Config param use_gather_mosaic_kernel: False
I0805 15:06:59.155452 139655895802176 pyconfig.py:559] Config param use_gmm_v2: False
I0805 15:06:59.155463 139655895802176 pyconfig.py:559] Config param use_grpo: True
I0805 15:06:59.155475 139655895802176 pyconfig.py:559] Config param use_indexer: False
I0805 15:06:59.155487 139655895802176 pyconfig.py:559] Config param use_iota_embed: False
I0805 15:06:59.155498 139655895802176 pyconfig.py:559] Config param use_jax_splash: False
I0805 15:06:59.155508 139655895802176 pyconfig.py:559] Config param use_manual_quantization: False
I0805 15:06:59.155520 139655895802176 pyconfig.py:559] Config param use_max_logit_estimate: -1
I0805 15:06:59.155531 139655895802176 pyconfig.py:559] Config param use_mrope: False
I0805 15:06:59.155543 139655895802176 pyconfig.py:559] Config param use_multimodal: False
I0805 15:06:59.155554 139655895802176 pyconfig.py:559] Config param use_pathways: True
I0805 15:06:59.155565 139655895802176 pyconfig.py:559] Config param use_post_attn_norm: False
I0805 15:06:59.155576 139655895802176 pyconfig.py:559] Config param use_post_ffw_norm: False
I0805 15:06:59.155588 139655895802176 pyconfig.py:559] Config param use_qk_clip: False
I0805 15:06:59.155599 139655895802176 pyconfig.py:559] Config param use_qk_norm: False
I0805 15:06:59.155610 139655895802176 pyconfig.py:559] Config param use_qk_norm_in_gdn: True
I0805 15:06:59.155621 139655895802176 pyconfig.py:559] Config param use_qwix_quantization: False
I0805 15:06:59.155632 139655895802176 pyconfig.py:559] Config param use_ragged_attention: False
I0805 15:06:59.155642 139655895802176 pyconfig.py:559] Config param use_ragged_sort: False
I0805 15:06:59.155653 139655895802176 pyconfig.py:559] Config param use_random_routing: False
I0805 15:06:59.155664 139655895802176 pyconfig.py:559] Config param use_replicator_service: False
I0805 15:06:59.155675 139655895802176 pyconfig.py:559] Config param use_ring_of_experts: False
I0805 15:06:59.155686 139655895802176 pyconfig.py:559] Config param use_sft: False
I0805 15:06:59.155697 139655895802176 pyconfig.py:559] Config param use_splash_scheduler: False
I0805 15:06:59.155708 139655895802176 pyconfig.py:559] Config param use_standalone_converter: False
I0805 15:06:59.155720 139655895802176 pyconfig.py:559] Config param use_tokamax_gmm: True
I0805 15:06:59.155731 139655895802176 pyconfig.py:559] Config param use_tokamax_splash: False
I0805 15:06:59.155742 139655895802176 pyconfig.py:559] Config param use_truncation: True
I0805 15:06:59.155754 139655895802176 pyconfig.py:559] Config param use_tunix_gradient_accumulation: False
I0805 15:06:59.155765 139655895802176 pyconfig.py:559] Config param use_untrainable_positional_embedding: False
I0805 15:06:59.155776 139655895802176 pyconfig.py:559] Config param use_vertex_tensorboard: False
I0805 15:06:59.155786 139655895802176 pyconfig.py:559] Config param using_pipeline_parallelism: False
I0805 15:06:59.155798 139655895802176 pyconfig.py:559] Config param v_head_dim: 128
I0805 15:06:59.155809 139655895802176 pyconfig.py:559] Config param v_norm_with_scale: True
I0805 15:06:59.155820 139655895802176 pyconfig.py:559] Config param value_proj: RematLocation.REMAT
I0805 15:06:59.155831 139655895802176 pyconfig.py:559] Config param vertex_tensorboard_project: 
I0805 15:06:59.155842 139655895802176 pyconfig.py:559] Config param vertex_tensorboard_region: 
I0805 15:06:59.155853 139655895802176 pyconfig.py:559] Config param video_path: 
I0805 15:06:59.155865 139655895802176 pyconfig.py:559] Config param video_placeholder: <|video|>
I0805 15:06:59.155876 139655895802176 pyconfig.py:559] Config param vision_output_dim_for_vit: 4096
I0805 15:06:59.155887 139655895802176 pyconfig.py:559] Config param vision_output_length: -1
I0805 15:06:59.155898 139655895802176 pyconfig.py:559] Config param vllm_additional_config: {}
I0805 15:06:59.155910 139655895802176 pyconfig.py:559] Config param vllm_hf_config_path: 
I0805 15:06:59.155921 139655895802176 pyconfig.py:559] Config param vllm_hf_overrides: {}
I0805 15:06:59.155932 139655895802176 pyconfig.py:559] Config param vllm_load_format: dummy
I0805 15:06:59.155943 139655895802176 pyconfig.py:559] Config param vocab_size: 32000
I0805 15:06:59.155955 139655895802176 pyconfig.py:559] Config param vocab_size_per_layer_input: 0
I0805 15:06:59.155966 139655895802176 pyconfig.py:559] Config param warmup_steps_fraction: 0.1
I0805 15:06:59.155977 139655895802176 pyconfig.py:559] Config param weight_dtype: float32
I0805 15:06:59.155997 139655895802176 pyconfig.py:559] Config param weight_quantization_calibration_method: absmax
I0805 15:06:59.156011 139655895802176 pyconfig.py:559] Config param weight_sparsity_m: None
I0805 15:06:59.156022 139655895802176 pyconfig.py:559] Config param weight_sparsity_n: None
I0805 15:06:59.156034 139655895802176 pyconfig.py:559] Config param weight_sparsity_start_step: 50
I0805 15:06:59.156045 139655895802176 pyconfig.py:559] Config param weight_sparsity_update_step: 10
I0805 15:06:59.156056 139655895802176 pyconfig.py:559] Config param wi_tile_dlhs_batch_seq: 512
I0805 15:06:59.156067 139655895802176 pyconfig.py:559] Config param wi_tile_dlhs_embed_dim: 1024
I0805 15:06:59.156078 139655895802176 pyconfig.py:559] Config param wi_tile_dlhs_mlp_dim: 1024
I0805 15:06:59.156090 139655895802176 pyconfig.py:559] Config param wi_tile_drhs_batch_seq: 512
I0805 15:06:59.156101 139655895802176 pyconfig.py:559] Config param wi_tile_drhs_embed_dim: 1024
I0805 15:06:59.156112 139655895802176 pyconfig.py:559] Config param wi_tile_drhs_mlp_dim: 1024
I0805 15:06:59.156124 139655895802176 pyconfig.py:559] Config param wi_tile_fwd_batch_seq: 512
I0805 15:06:59.156135 139655895802176 pyconfig.py:559] Config param wi_tile_fwd_embed_dim: 1024
I0805 15:06:59.156146 139655895802176 pyconfig.py:559] Config param wi_tile_fwd_mlp_dim: 1024
I0805 15:06:59.156157 139655895802176 pyconfig.py:559] Config param wo_tile_dlhs_batch_seq: 512
I0805 15:06:59.156169 139655895802176 pyconfig.py:559] Config param wo_tile_dlhs_embed_dim: 1024
I0805 15:06:59.156180 139655895802176 pyconfig.py:559] Config param wo_tile_dlhs_mlp_dim: 1024
I0805 15:06:59.156191 139655895802176 pyconfig.py:559] Config param wo_tile_drhs_batch_seq: 512
I0805 15:06:59.156203 139655895802176 pyconfig.py:559] Config param wo_tile_drhs_embed_dim: 1024
I0805 15:06:59.156214 139655895802176 pyconfig.py:559] Config param wo_tile_drhs_mlp_dim: 1024
I0805 15:06:59.156225 139655895802176 pyconfig.py:559] Config param wo_tile_fwd_batch_seq: 512
I0805 15:06:59.156236 139655895802176 pyconfig.py:559] Config param wo_tile_fwd_embed_dim: 1024
I0805 15:06:59.156248 139655895802176 pyconfig.py:559] Config param wo_tile_fwd_mlp_dim: 1024
I0805 15:06:59.156258 139655895802176 pyconfig.py:559] Config param write_estimator_result: False
I0805 15:06:59.156270 139655895802176 pyconfig.py:559] Config param wsd_decay_steps_fraction: 0.1
I0805 15:06:59.156281 139655895802176 pyconfig.py:559] Config param wsd_decay_style: WsdDecayStyle.LINEAR
I0805 15:06:59.156294 139655895802176 pyconfig.py:559] Config param xprof_e2e_enable_fw_power_level_event: False
I0805 15:06:59.156307 139655895802176 pyconfig.py:559] Config param xprof_e2e_enable_fw_thermal_event: False
I0805 15:06:59.156318 139655895802176 pyconfig.py:559] Config param xprof_e2e_enable_fw_throttle_event: False
I0805 15:06:59.156329 139655895802176 pyconfig.py:559] Config param xprof_tpu_power_trace_level: 0
I0805 15:06:59.156342 139655895802176 pyconfig.py:559] Config param z_loss_multiplier: 0.0
I0805 15:06:59.156630 139655895802176 max_utils.py:828] System Information: Jax Version: 0.10.0
I0805 15:06:59.156659 139655895802176 max_utils.py:829] System Information: Jaxlib Version: 0.10.0
I0805 15:06:59.156694 139655895802176 max_utils.py:830] System Information: Jax Backend: PJRT C API
rocm 71400
I0805 15:06:59.156716 139655895802176 max_utils.py:833] System Information: Number of devices: 8, jax path /opt/venv/lib/python3.12/site-packages/jax/__init__.py
I0805 15:06:59.156739 139655895802176 max_utils.py:836] System Information: Device 0: 0 (Local id: 0, Process index: 0)
I0805 15:06:59.156758 139655895802176 max_utils.py:836] System Information: Device 1: 1 (Local id: 1, Process index: 0)
I0805 15:06:59.156773 139655895802176 max_utils.py:836] System Information: Device 2: 2 (Local id: 2, Process index: 0)
I0805 15:06:59.156787 139655895802176 max_utils.py:836] System Information: Device 3: 3 (Local id: 3, Process index: 0)
I0805 15:06:59.156800 139655895802176 max_utils.py:836] System Information: Device 4: 4 (Local id: 4, Process index: 0)
I0805 15:06:59.156813 139655895802176 max_utils.py:836] System Information: Device 5: 5 (Local id: 5, Process index: 0)
I0805 15:06:59.156827 139655895802176 max_utils.py:836] System Information: Device 6: 6 (Local id: 6, Process index: 0)
I0805 15:06:59.156841 139655895802176 max_utils.py:836] System Information: Device 7: 7 (Local id: 7, Process index: 0)
I0805 15:06:59.156863 139655895802176 train_utils.py:355] WARNING: 'base_output_directory' might be pointing your local file system
I0805 15:06:59.156883 139655895802176 train_utils.py:366] WARNING: Sequence packing is essentially ignored for synthetic data. Please use a real dataset to use sequence packing.
I0805 15:07:03.100791 139655895802176 maxtext_utils.py:1975] Num_devices: 8, shape (1, 1, 1, 1, 1, 1, 1, 1, 1, 1, 8, 1)
I0805 15:07:03.101365 139655895802176 maxtext_utils.py:1975] Num_devices: 8, shape (1, 1, 1, 1, 1, 1, 1, 1, 1, 1, 8, 1)
I0805 15:07:03.102306 139655895802176 checkpointing.py:995] Setting up checkpoint logger...
I0805 15:07:03.102462 139655895802176 checkpointing.py:386] Checkpointing disabled, not creating checkpoint manager.
/opt/venv/lib/python3.12/site-packages/transformer_engine/jax/flax/transformer.py:732: UserWarning: The dtype argument is deprecated and will be removed in a future release. DotProductAttention will use the dtype of the inputs instead as this module does not have any parameters. Module dtype specified self.dtype=dtype(bfloat16) matches dtype of inputs so behavior is unchanged. Please remove the dtype argument within the next few releases.
  warnings.warn(
Traceback (most recent call last):
  File "<frozen runpy>", line 198, in _run_module_as_main
  File "<frozen runpy>", line 88, in _run_code
  File "/workspace/maxtext/src/maxtext/trainers/pre_train/train.py", line 846, in <module>
    app.run(main)
  File "/opt/venv/lib/python3.12/site-packages/absl/app.py", line 367, in run
    _run_main(main, args)
  File "/opt/venv/lib/python3.12/site-packages/absl/app.py", line 312, in _run_main
    sys.exit(main(argv))
             ^^^^^^^^^^
  File "/workspace/maxtext/src/maxtext/trainers/pre_train/train.py", line 842, in main
    train_func()
  File "/workspace/maxtext/src/maxtext/trainers/pre_train/train.py", line 832, in train_func
    run(config, recorder)
  File "/workspace/maxtext/src/maxtext/trainers/pre_train/train.py", line 802, in run
    train_loop(config, recorder)
  File "/workspace/maxtext/src/maxtext/trainers/pre_train/train.py", line 620, in train_loop
    ) = train_utils.setup_train_loop(config, recorder)
        ^^^^^^^^^^^^^^^^^^^^^^^^^^^^^^^^^^^^^^^^^^^^^^
  File "/workspace/maxtext/src/maxtext/utils/train_utils.py", line 276, in setup_train_loop
    state, _, state_mesh_shardings, data_iterator = maxtext_utils.setup_training_state(
                                                    ^^^^^^^^^^^^^^^^^^^^^^^^^^^^^^^^^^^
  File "/workspace/maxtext/src/maxtext/utils/maxtext_utils.py", line 1445, in setup_training_state
    return setup_initial_state(
           ^^^^^^^^^^^^^^^^^^^^
  File "/workspace/maxtext/src/maxtext/utils/maxtext_utils.py", line 1479, in setup_initial_state
    unboxed_abstract_state, state_mesh_annotations, state_mesh_shardings = get_abstract_state(
                                                                           ^^^^^^^^^^^^^^^^^^^
  File "/workspace/maxtext/src/maxtext/utils/maxtext_utils.py", line 1577, in get_abstract_state
    abstract_state = jax.eval_shape(init_state_partial)
                     ^^^^^^^^^^^^^^^^^^^^^^^^^^^^^^^^^^
  File "/workspace/maxtext/src/maxtext/utils/maxtext_utils.py", line 1367, in init_initial_state
    model_vars = model.init(
                 ^^^^^^^^^^^
  File "/workspace/maxtext/src/maxtext/models/models.py", line 65, in init
    return nn.Module.init(module, *args, **kwargs)
           ^^^^^^^^^^^^^^^^^^^^^^^^^^^^^^^^^^^^^^^
  File "/workspace/maxtext/src/maxtext/models/models.py", line 202, in __call__
    logits, hidden_state, kv_caches = self.decoder(
                                      ^^^^^^^^^^^^^
  File "/workspace/maxtext/src/maxtext/layers/decoders.py", line 1132, in __call__
    y, _ = self.scan_decoder_layers(
           ^^^^^^^^^^^^^^^^^^^^^^^^^
  File "/opt/venv/lib/python3.12/site-packages/flax/core/axes_scan.py", line 185, in scan_fn
    _, out_pvals, _ = pe.trace_to_jaxpr_nounits(f_flat, in_pvals)
                      ^^^^^^^^^^^^^^^^^^^^^^^^^^^^^^^^^^^^^^^^^^^
  File "/opt/venv/lib/python3.12/site-packages/flax/core/axes_scan.py", line 156, in body_fn
    broadcast_out, c, ys = fn(broadcast_in, c, *xs)
                           ^^^^^^^^^^^^^^^^^^^^^^^^
  File "/workspace/maxtext/src/maxtext/layers/nnx_wrappers.py", line 481, in __call__
    out = method_fn(module, *args, **kwargs)
          ^^^^^^^^^^^^^^^^^^^^^^^^^^^^^^^^^^
  File "/workspace/maxtext/src/maxtext/models/mixtral.py", line 172, in __call__
    mlp_lnx, load_balance_loss, _ = self.MoeBlock_0(hidden_states)
                                    ^^^^^^^^^^^^^^^^^^^^^^^^^^^^^^
  File "/workspace/maxtext/src/maxtext/layers/nnx_wrappers.py", line 380, in wrapped
    return call_fn(*args, **kwargs)
    ^^^^^^^^^^^^^^^^^^^^
  File "/workspace/maxtext/src/maxtext/layers/moe.py", line 2652, in __call__
    output, lb_loss, bias_updates = self.sparse_matmul(
                                    ^^^^^^^^^^^^^^^^^^^
  File "/workspace/maxtext/src/maxtext/layers/moe.py", line 1907, in sparse_matmul
    return sparse_matmul_route_and_compute(
           ^^^^^^^^^^^^^^^^^^^^^^^^^^^^^^^^
  File "/workspace/maxtext/src/maxtext/layers/moe.py", line 1794, in sparse_matmul_route_and_compute
    intermediate_layer = gmm_up(x, w0, w1, w0_bias, w1_bias, gmm_fn, weight_gather)
                         ^^^^^^^^^^^^^^^^^^^^^^^^^^^^^^^^^^^^^^^^^^^^^^^^^^^^^^^^^^
  File "/workspace/maxtext/src/maxtext/layers/moe.py", line 1668, in gmm_up
    layer_w0 = gmm_fn(x, w0, tiling=wi_tile_size, weight_gather_axes=wi_gather_axes)
               ^^^^^^^^^^^^^^^^^^^^^^^^^^^^^^^^^^^^^^^^^^^^^^^^^^^^^^^^^^^^^^^^^^^^^
  File "/workspace/maxtext/src/maxtext/layers/moe.py", line 1357, in gmm
    output = tokamax.ragged_dot(
             ^^^^^^^^^^^^^^^^^^^
  File "/opt/venv/lib/python3.12/site-packages/tokamax/_src/ops/ragged_dot/api.py", line 109, in ragged_dot
    return ragged_dot_general(
           ^^^^^^^^^^^^^^^^^^^
  File "/opt/venv/lib/python3.12/site-packages/tokamax/_src/ops/ragged_dot/api.py", line 203, in ragged_dot_general
    return impl(
      ^^^^^
  File "/opt/venv/lib/python3.12/site-packages/tokamax/_src/ops/op.py", line 197, in __call__
    raise NotImplementedError(f"Not supported on {device.device_kind}.")
NotImplementedError: Not supported on AMD Instinct MI300X.
--------------------
For simplicity, JAX has removed its internal frames from the traceback of the following exception. Set JAX_TRACEBACK_FILTERING=off to include these.
